| rangeBasedForStmtCode.cpp:6:5:8:5 | for(...:...) ... | This is range based 'for' statement. |
| rangeBasedForStmtCode.cpp:15:5:17:5 | for(...:...) ... | This is range based 'for' statement. |
