| rangeBasedForStmtCode.cpp:4:5:6:5 | for(...:...) ... | This is range based 'for' statement. |
| rangeBasedForStmtCode.cpp:13:5:15:5 | for(...:...) ... | This is range based 'for' statement. |
